Using cpu device
/Users/shenzeqi/.pyenv/versions/3.11.14/lib/python3.11/site-packages/transformers/utils/generic.py:441: UserWarning: torch.utils._pytree._register_pytree_node is deprecated. Please use torch.utils._pytree.register_pytree_node instead.
  _torch_pytree._register_pytree_node(
已从 runs/bc0/best.pt 移植 BC 主干+policy 头(oracle 零填充,value 头随机)
---------------------------------
| oracle/            |          |
|    keep            | 0.992    |
| rollout/           |          |
|    ep_len_mean     | 45.9     |
|    ep_rew_mean     | -0.202   |
| time/              |          |
|    fps             | 106      |
|    iterations      | 1        |
|    time_elapsed    | 19       |
|    total_timesteps | 2048     |
---------------------------------
-----------------------------------------
| oracle/                 |             |
|    keep                 | 0.984       |
| rollout/                |             |
|    ep_len_mean          | 46.8        |
|    ep_rew_mean          | -0.149      |
| time/                   |             |
|    fps                  | 62          |
|    iterations           | 2           |
|    time_elapsed         | 65          |
|    total_timesteps      | 4096        |
| train/                  |             |
|    approx_kl            | 0.036783595 |
|    clip_fraction        | 0.115       |
|    clip_range           | 0.2         |
|    entropy_loss         | -0.216      |
|    explained_variance   | -1.38       |
|    learning_rate        | 0.0003      |
|    loss                 | -0.0259     |
|    n_updates            | 10          |
|    policy_gradient_loss | -0.024      |
|    value_loss           | 0.0508      |
-----------------------------------------
-----------------------------------------
| oracle/                 |             |
|    keep                 | 0.975       |
| rollout/                |             |
|    ep_len_mean          | 45.1        |
|    ep_rew_mean          | -0.184      |
| time/                   |             |
|    fps                  | 51          |
|    iterations           | 3           |
|    time_elapsed         | 118         |
|    total_timesteps      | 6144        |
| train/                  |             |
|    approx_kl            | 0.032728683 |
|    clip_fraction        | 0.1         |
|    clip_range           | 0.2         |
|    entropy_loss         | -0.217      |
|    explained_variance   | -1.03       |
|    learning_rate        | 0.0003      |
|    loss                 | -0.025      |
|    n_updates            | 20          |
|    policy_gradient_loss | -0.0201     |
|    value_loss           | 0.0388      |
-----------------------------------------
----------------------------------------
| oracle/                 |            |
|    keep                 | 0.967      |
| rollout/                |            |
|    ep_len_mean          | 43.4       |
|    ep_rew_mean          | -0.238     |
| time/                   |            |
|    fps                  | 49         |
|    iterations           | 4          |
|    time_elapsed         | 165        |
|    total_timesteps      | 8192       |
| train/                  |            |
|    approx_kl            | 0.04065387 |
|    clip_fraction        | 0.104      |
|    clip_range           | 0.2        |
|    entropy_loss         | -0.215     |
|    explained_variance   | -0.366     |
|    learning_rate        | 0.0003     |
|    loss                 | -0.0312    |
|    n_updates            | 30         |
|    policy_gradient_loss | -0.023     |
|    value_loss           | 0.0316     |
----------------------------------------
----------------------------------------
| oracle/                 |            |
|    keep                 | 0.959      |
| rollout/                |            |
|    ep_len_mean          | 44.4       |
|    ep_rew_mean          | -0.208     |
| time/                   |            |
|    fps                  | 47         |
|    iterations           | 5          |
|    time_elapsed         | 217        |
|    total_timesteps      | 10240      |
| train/                  |            |
|    approx_kl            | 0.05118924 |
|    clip_fraction        | 0.105      |
|    clip_range           | 0.2        |
|    entropy_loss         | -0.206     |
|    explained_variance   | -0.563     |
|    learning_rate        | 0.0003     |
|    loss                 | -0.0317    |
|    n_updates            | 40         |
|    policy_gradient_loss | -0.0221    |
|    value_loss           | 0.0185     |
----------------------------------------
-----------------------------------------
| oracle/                 |             |
|    keep                 | 0.951       |
| rollout/                |             |
|    ep_len_mean          | 45.5        |
|    ep_rew_mean          | -0.21       |
| time/                   |             |
|    fps                  | 44          |
|    iterations           | 6           |
|    time_elapsed         | 276         |
|    total_timesteps      | 12288       |
| train/                  |             |
|    approx_kl            | 0.055743884 |
|    clip_fraction        | 0.112       |
|    clip_range           | 0.2         |
|    entropy_loss         | -0.216      |
|    explained_variance   | -0.349      |
|    learning_rate        | 0.0003      |
|    loss                 | -0.0275     |
|    n_updates            | 50          |
|    policy_gradient_loss | -0.0205     |
|    value_loss           | 0.019       |
-----------------------------------------
-----------------------------------------
| oracle/                 |             |
|    keep                 | 0.943       |
| rollout/                |             |
|    ep_len_mean          | 46.2        |
|    ep_rew_mean          | -0.178      |
| time/                   |             |
|    fps                  | 43          |
|    iterations           | 7           |
|    time_elapsed         | 332         |
|    total_timesteps      | 14336       |
| train/                  |             |
|    approx_kl            | 0.050364874 |
|    clip_fraction        | 0.112       |
|    clip_range           | 0.2         |
|    entropy_loss         | -0.22       |
|    explained_variance   | -0.365      |
|    learning_rate        | 0.0003      |
|    loss                 | -0.0319     |
|    n_updates            | 60          |
|    policy_gradient_loss | -0.024      |
|    value_loss           | 0.0136      |
-----------------------------------------
----------------------------------------
| oracle/                 |            |
|    keep                 | 0.934      |
| rollout/                |            |
|    ep_len_mean          | 46.5       |
|    ep_rew_mean          | -0.146     |
| time/                   |            |
|    fps                  | 42         |
|    iterations           | 8          |
|    time_elapsed         | 385        |
|    total_timesteps      | 16384      |
| train/                  |            |
|    approx_kl            | 0.05031454 |
|    clip_fraction        | 0.109      |
|    clip_range           | 0.2        |
|    entropy_loss         | -0.204     |
|    explained_variance   | 0.0443     |
|    learning_rate        | 0.0003     |
|    loss                 | -0.0258    |
|    n_updates            | 70         |
|    policy_gradient_loss | -0.0211    |
|    value_loss           | 0.0145     |
----------------------------------------
----------------------------------------
| oracle/                 |            |
|    keep                 | 0.926      |
| rollout/                |            |
|    ep_len_mean          | 45.6       |
|    ep_rew_mean          | -0.151     |
| time/                   |            |
|    fps                  | 41         |
|    iterations           | 9          |
|    time_elapsed         | 440        |
|    total_timesteps      | 18432      |
| train/                  |            |
|    approx_kl            | 0.04829689 |
|    clip_fraction        | 0.115      |
|    clip_range           | 0.2        |
|    entropy_loss         | -0.226     |
|    explained_variance   | -0.143     |
|    learning_rate        | 0.0003     |
|    loss                 | -0.0286    |
|    n_updates            | 80         |
|    policy_gradient_loss | -0.0191    |
|    value_loss           | 0.0179     |
----------------------------------------
----------------------------------------
| oracle/                 |            |
|    keep                 | 0.918      |
| rollout/                |            |
|    ep_len_mean          | 46.8       |
|    ep_rew_mean          | -0.208     |
| time/                   |            |
|    fps                  | 41         |
|    iterations           | 10         |
|    time_elapsed         | 488        |
|    total_timesteps      | 20480      |
| train/                  |            |
|    approx_kl            | 0.06481865 |
|    clip_fraction        | 0.109      |
|    clip_range           | 0.2        |
|    entropy_loss         | -0.224     |
|    explained_variance   | 0.0407     |
|    learning_rate        | 0.0003     |
|    loss                 | -0.0185    |
|    n_updates            | 90         |
|    policy_gradient_loss | -0.0173    |
|    value_loss           | 0.0262     |
----------------------------------------
-----------------------------------------
| oracle/                 |             |
|    keep                 | 0.91        |
| rollout/                |             |
|    ep_len_mean          | 48.5        |
|    ep_rew_mean          | -0.242      |
| time/                   |             |
|    fps                  | 41          |
|    iterations           | 11          |
|    time_elapsed         | 537         |
|    total_timesteps      | 22528       |
| train/                  |             |
|    approx_kl            | 0.064837135 |
|    clip_fraction        | 0.124       |
|    clip_range           | 0.2         |
|    entropy_loss         | -0.242      |
|    explained_variance   | 0.195       |
|    learning_rate        | 0.0003      |
|    loss                 | -0.0356     |
|    n_updates            | 100         |
|    policy_gradient_loss | -0.0267     |
|    value_loss           | 0.0118      |
-----------------------------------------
-----------------------------------------
| oracle/                 |             |
|    keep                 | 0.902       |
| rollout/                |             |
|    ep_len_mean          | 46.8        |
|    ep_rew_mean          | -0.208      |
| time/                   |             |
|    fps                  | 41          |
|    iterations           | 12          |
|    time_elapsed         | 592         |
|    total_timesteps      | 24576       |
| train/                  |             |
|    approx_kl            | 0.056526713 |
|    clip_fraction        | 0.121       |
|    clip_range           | 0.2         |
|    entropy_loss         | -0.251      |
|    explained_variance   | 0.203       |
|    learning_rate        | 0.0003      |
|    loss                 | -0.017      |
|    n_updates            | 110         |
|    policy_gradient_loss | -0.0197     |
|    value_loss           | 0.0157      |
-----------------------------------------
-----------------------------------------
| oracle/                 |             |
|    keep                 | 0.894       |
| rollout/                |             |
|    ep_len_mean          | 48.6        |
|    ep_rew_mean          | -0.228      |
| time/                   |             |
|    fps                  | 41          |
|    iterations           | 13          |
|    time_elapsed         | 645         |
|    total_timesteps      | 26624       |
| train/                  |             |
|    approx_kl            | 0.055851467 |
|    clip_fraction        | 0.13        |
|    clip_range           | 0.2         |
|    entropy_loss         | -0.253      |
|    explained_variance   | 0.202       |
|    learning_rate        | 0.0003      |
|    loss                 | -0.0264     |
|    n_updates            | 120         |
|    policy_gradient_loss | -0.0214     |
|    value_loss           | 0.0142      |
-----------------------------------------
-----------------------------------------
| oracle/                 |             |
|    keep                 | 0.885       |
| rollout/                |             |
|    ep_len_mean          | 50.8        |
|    ep_rew_mean          | -0.244      |
| time/                   |             |
|    fps                  | 40          |
|    iterations           | 14          |
|    time_elapsed         | 701         |
|    total_timesteps      | 28672       |
| train/                  |             |
|    approx_kl            | 0.051672295 |
|    clip_fraction        | 0.125       |
|    clip_range           | 0.2         |
|    entropy_loss         | -0.247      |
|    explained_variance   | -0.11       |
|    learning_rate        | 0.0003      |
|    loss                 | -0.0291     |
|    n_updates            | 130         |
|    policy_gradient_loss | -0.0215     |
|    value_loss           | 0.00945     |
-----------------------------------------
----------------------------------------
| oracle/                 |            |
|    keep                 | 0.877      |
| rollout/                |            |
|    ep_len_mean          | 50         |
|    ep_rew_mean          | -0.22      |
| time/                   |            |
|    fps                  | 40         |
|    iterations           | 15         |
|    time_elapsed         | 751        |
|    total_timesteps      | 30720      |
| train/                  |            |
|    approx_kl            | 0.07277759 |
|    clip_fraction        | 0.135      |
|    clip_range           | 0.2        |
|    entropy_loss         | -0.275     |
|    explained_variance   | 0.147      |
|    learning_rate        | 0.0003     |
|    loss                 | -0.0334    |
|    n_updates            | 140        |
|    policy_gradient_loss | -0.0226    |
|    value_loss           | 0.0118     |
----------------------------------------
-----------------------------------------
| oracle/                 |             |
|    keep                 | 0.869       |
| rollout/                |             |
|    ep_len_mean          | 49          |
|    ep_rew_mean          | -0.216      |
| time/                   |             |
|    fps                  | 40          |
|    iterations           | 16          |
|    time_elapsed         | 803         |
|    total_timesteps      | 32768       |
| train/                  |             |
|    approx_kl            | 0.048964113 |
|    clip_fraction        | 0.125       |
|    clip_range           | 0.2         |
|    entropy_loss         | -0.254      |
|    explained_variance   | 0.00118     |
|    learning_rate        | 0.0003      |
|    loss                 | -0.0181     |
|    n_updates            | 150         |
|    policy_gradient_loss | -0.018      |
|    value_loss           | 0.019       |
-----------------------------------------
----------------------------------------
| oracle/                 |            |
|    keep                 | 0.861      |
| rollout/                |            |
|    ep_len_mean          | 48.3       |
|    ep_rew_mean          | -0.233     |
| time/                   |            |
|    fps                  | 41         |
|    iterations           | 17         |
|    time_elapsed         | 836        |
|    total_timesteps      | 34816      |
| train/                  |            |
|    approx_kl            | 0.06048125 |
|    clip_fraction        | 0.118      |
|    clip_range           | 0.2        |
|    entropy_loss         | -0.244     |
|    explained_variance   | -0.091     |
|    learning_rate        | 0.0003     |
|    loss                 | -0.0245    |
|    n_updates            | 160        |
|    policy_gradient_loss | -0.0218    |
|    value_loss           | 0.0124     |
----------------------------------------
----------------------------------------
| oracle/                 |            |
|    keep                 | 0.853      |
| rollout/                |            |
|    ep_len_mean          | 47.5       |
|    ep_rew_mean          | -0.258     |
| time/                   |            |
|    fps                  | 42         |
|    iterations           | 18         |
|    time_elapsed         | 858        |
|    total_timesteps      | 36864      |
| train/                  |            |
|    approx_kl            | 0.06220003 |
|    clip_fraction        | 0.121      |
|    clip_range           | 0.2        |
|    entropy_loss         | -0.245     |
|    explained_variance   | 0.0933     |
|    learning_rate        | 0.0003     |
|    loss                 | -0.0186    |
|    n_updates            | 170        |
|    policy_gradient_loss | -0.0184    |
|    value_loss           | 0.0207     |
----------------------------------------
-----------------------------------------
| oracle/                 |             |
|    keep                 | 0.844       |
| rollout/                |             |
|    ep_len_mean          | 48.8        |
|    ep_rew_mean          | -0.273      |
| time/                   |             |
|    fps                  | 44          |
|    iterations           | 19          |
|    time_elapsed         | 879         |
|    total_timesteps      | 38912       |
| train/                  |             |
|    approx_kl            | 0.075794704 |
|    clip_fraction        | 0.124       |
|    clip_range           | 0.2         |
|    entropy_loss         | -0.227      |
|    explained_variance   | 0.114       |
|    learning_rate        | 0.0003      |
|    loss                 | -0.0217     |
|    n_updates            | 180         |
|    policy_gradient_loss | -0.0193     |
|    value_loss           | 0.0148      |
-----------------------------------------
-----------------------------------------
| oracle/                 |             |
|    keep                 | 0.836       |
| rollout/                |             |
|    ep_len_mean          | 51.5        |
|    ep_rew_mean          | -0.237      |
| time/                   |             |
|    fps                  | 45          |
|    iterations           | 20          |
|    time_elapsed         | 900         |
|    total_timesteps      | 40960       |
| train/                  |             |
|    approx_kl            | 0.072007395 |
|    clip_fraction        | 0.126       |
|    clip_range           | 0.2         |
|    entropy_loss         | -0.232      |
|    explained_variance   | 0.256       |
|    learning_rate        | 0.0003      |
|    loss                 | -0.0292     |
|    n_updates            | 190         |
|    policy_gradient_loss | -0.0223     |
|    value_loss           | 0.0108      |
-----------------------------------------
-----------------------------------------
| oracle/                 |             |
|    keep                 | 0.828       |
| rollout/                |             |
|    ep_len_mean          | 49.5        |
|    ep_rew_mean          | -0.226      |
| time/                   |             |
|    fps                  | 46          |
|    iterations           | 21          |
|    time_elapsed         | 921         |
|    total_timesteps      | 43008       |
| train/                  |             |
|    approx_kl            | 0.058080547 |
|    clip_fraction        | 0.111       |
|    clip_range           | 0.2         |
|    entropy_loss         | -0.229      |
|    explained_variance   | -0.0951     |
|    learning_rate        | 0.0003      |
|    loss                 | -0.0254     |
|    n_updates            | 200         |
|    policy_gradient_loss | -0.02       |
|    value_loss           | 0.0124      |
-----------------------------------------
-----------------------------------------
| oracle/                 |             |
|    keep                 | 0.82        |
| rollout/                |             |
|    ep_len_mean          | 47.3        |
|    ep_rew_mean          | -0.251      |
| time/                   |             |
|    fps                  | 47          |
|    iterations           | 22          |
|    time_elapsed         | 943         |
|    total_timesteps      | 45056       |
| train/                  |             |
|    approx_kl            | 0.063242674 |
|    clip_fraction        | 0.123       |
|    clip_range           | 0.2         |
|    entropy_loss         | -0.237      |
|    explained_variance   | -0.00518    |
|    learning_rate        | 0.0003      |
|    loss                 | -0.027      |
|    n_updates            | 210         |
|    policy_gradient_loss | -0.0216     |
|    value_loss           | 0.0131      |
-----------------------------------------
----------------------------------------
| oracle/                 |            |
|    keep                 | 0.812      |
| rollout/                |            |
|    ep_len_mean          | 48.7       |
|    ep_rew_mean          | -0.196     |
| time/                   |            |
|    fps                  | 48         |
|    iterations           | 23         |
|    time_elapsed         | 964        |
|    total_timesteps      | 47104      |
| train/                  |            |
|    approx_kl            | 0.06755502 |
|    clip_fraction        | 0.116      |
|    clip_range           | 0.2        |
|    entropy_loss         | -0.219     |
|    explained_variance   | 0.0512     |
|    learning_rate        | 0.0003     |
|    loss                 | -0.0233    |
|    n_updates            | 220        |
|    policy_gradient_loss | -0.0198    |
|    value_loss           | 0.0107     |
----------------------------------------
-----------------------------------------
| oracle/                 |             |
|    keep                 | 0.803       |
| rollout/                |             |
|    ep_len_mean          | 48.2        |
|    ep_rew_mean          | -0.204      |
| time/                   |             |
|    fps                  | 49          |
|    iterations           | 24          |
|    time_elapsed         | 984         |
|    total_timesteps      | 49152       |
| train/                  |             |
|    approx_kl            | 0.043878704 |
|    clip_fraction        | 0.109       |
|    clip_range           | 0.2         |
|    entropy_loss         | -0.219      |
|    explained_variance   | -0.193      |
|    learning_rate        | 0.0003      |
|    loss                 | -0.0189     |
|    n_updates            | 230         |
|    policy_gradient_loss | -0.0173     |
|    value_loss           | 0.0193      |
-----------------------------------------
-----------------------------------------
| oracle/                 |             |
|    keep                 | 0.795       |
| rollout/                |             |
|    ep_len_mean          | 48.5        |
|    ep_rew_mean          | -0.203      |
| time/                   |             |
|    fps                  | 50          |
|    iterations           | 25          |
|    time_elapsed         | 1004        |
|    total_timesteps      | 51200       |
| train/                  |             |
|    approx_kl            | 0.063418105 |
|    clip_fraction        | 0.117       |
|    clip_range           | 0.2         |
|    entropy_loss         | -0.223      |
|    explained_variance   | 0.0447      |
|    learning_rate        | 0.0003      |
|    loss                 | -0.0269     |
|    n_updates            | 240         |
|    policy_gradient_loss | -0.0212     |
|    value_loss           | 0.00933     |
-----------------------------------------
----------------------------------------
| oracle/                 |            |
|    keep                 | 0.787      |
| rollout/                |            |
|    ep_len_mean          | 48.1       |
|    ep_rew_mean          | -0.204     |
| time/                   |            |
|    fps                  | 51         |
|    iterations           | 26         |
|    time_elapsed         | 1024       |
|    total_timesteps      | 53248      |
| train/                  |            |
|    approx_kl            | 0.06139192 |
|    clip_fraction        | 0.113      |
|    clip_range           | 0.2        |
|    entropy_loss         | -0.226     |
|    explained_variance   | 0.0946     |
|    learning_rate        | 0.0003     |
|    loss                 | -0.0215    |
|    n_updates            | 250        |
|    policy_gradient_loss | -0.0171    |
|    value_loss           | 0.0224     |
----------------------------------------
---------------------------------------
| oracle/                 |           |
|    keep                 | 0.779     |
| rollout/                |           |
|    ep_len_mean          | 50.9      |
|    ep_rew_mean          | -0.267    |
| time/                   |           |
|    fps                  | 19        |
|    iterations           | 27        |
|    time_elapsed         | 2842      |
|    total_timesteps      | 55296     |
| train/                  |           |
|    approx_kl            | 0.0758112 |
|    clip_fraction        | 0.12      |
|    clip_range           | 0.2       |
|    entropy_loss         | -0.23     |
|    explained_variance   | 0.256     |
|    learning_rate        | 0.0003    |
|    loss                 | -0.0241   |
|    n_updates            | 260       |
|    policy_gradient_loss | -0.0219   |
|    value_loss           | 0.0117    |
---------------------------------------
-----------------------------------------
| oracle/                 |             |
|    keep                 | 0.771       |
| rollout/                |             |
|    ep_len_mean          | 51.8        |
|    ep_rew_mean          | -0.23       |
| time/                   |             |
|    fps                  | 14          |
|    iterations           | 28          |
|    time_elapsed         | 3927        |
|    total_timesteps      | 57344       |
| train/                  |             |
|    approx_kl            | 0.068170056 |
|    clip_fraction        | 0.111       |
|    clip_range           | 0.2         |
|    entropy_loss         | -0.206      |
|    explained_variance   | 0.1         |
|    learning_rate        | 0.0003      |
|    loss                 | -0.0213     |
|    n_updates            | 270         |
|    policy_gradient_loss | -0.0177     |
|    value_loss           | 0.0138      |
-----------------------------------------
----------------------------------------
| oracle/                 |            |
|    keep                 | 0.762      |
| rollout/                |            |
|    ep_len_mean          | 47.8       |
|    ep_rew_mean          | -0.232     |
| time/                   |            |
|    fps                  | 12         |
|    iterations           | 29         |
|    time_elapsed         | 4806       |
|    total_timesteps      | 59392      |
| train/                  |            |
|    approx_kl            | 0.05437009 |
|    clip_fraction        | 0.111      |
|    clip_range           | 0.2        |
|    entropy_loss         | -0.2       |
|    explained_variance   | 0.0648     |
|    learning_rate        | 0.0003     |
|    loss                 | -0.0264    |
|    n_updates            | 280        |
|    policy_gradient_loss | -0.0164    |
|    value_loss           | 0.0139     |
----------------------------------------
----------------------------------------
| oracle/                 |            |
|    keep                 | 0.754      |
| rollout/                |            |
|    ep_len_mean          | 47.6       |
|    ep_rew_mean          | -0.248     |
| time/                   |            |
|    fps                  | 12         |
|    iterations           | 30         |
|    time_elapsed         | 4831       |
|    total_timesteps      | 61440      |
| train/                  |            |
|    approx_kl            | 0.07204406 |
|    clip_fraction        | 0.124      |
|    clip_range           | 0.2        |
|    entropy_loss         | -0.237     |
|    explained_variance   | 0.19       |
|    learning_rate        | 0.0003     |
|    loss                 | -0.0305    |
|    n_updates            | 290        |
|    policy_gradient_loss | -0.0223    |
|    value_loss           | 0.0135     |
----------------------------------------
----------------------------------------
| oracle/                 |            |
|    keep                 | 0.746      |
| rollout/                |            |
|    ep_len_mean          | 49.7       |
|    ep_rew_mean          | -0.275     |
| time/                   |            |
|    fps                  | 13         |
|    iterations           | 31         |
|    time_elapsed         | 4852       |
|    total_timesteps      | 63488      |
| train/                  |            |
|    approx_kl            | 0.08590163 |
|    clip_fraction        | 0.125      |
|    clip_range           | 0.2        |
|    entropy_loss         | -0.23      |
|    explained_variance   | 0.362      |
|    learning_rate        | 0.0003     |
|    loss                 | -0.0316    |
|    n_updates            | 300        |
|    policy_gradient_loss | -0.0241    |
|    value_loss           | 0.00583    |
----------------------------------------
---------------------------------------
| oracle/                 |           |
|    keep                 | 0.738     |
| rollout/                |           |
|    ep_len_mean          | 49.6      |
|    ep_rew_mean          | -0.277    |
| time/                   |           |
|    fps                  | 13        |
|    iterations           | 32        |
|    time_elapsed         | 4873      |
|    total_timesteps      | 65536     |
| train/                  |           |
|    approx_kl            | 0.0596359 |
|    clip_fraction        | 0.118     |
|    clip_range           | 0.2       |
|    entropy_loss         | -0.215    |
|    explained_variance   | 0.0473    |
|    learning_rate        | 0.0003    |
|    loss                 | -0.0185   |
|    n_updates            | 310       |
|    policy_gradient_loss | -0.0143   |
|    value_loss           | 0.0162    |
---------------------------------------
-----------------------------------------
| oracle/                 |             |
|    keep                 | 0.73        |
| rollout/                |             |
|    ep_len_mean          | 48.8        |
|    ep_rew_mean          | -0.208      |
| time/                   |             |
|    fps                  | 13          |
|    iterations           | 33          |
|    time_elapsed         | 4895        |
|    total_timesteps      | 67584       |
| train/                  |             |
|    approx_kl            | 0.082623065 |
|    clip_fraction        | 0.115       |
|    clip_range           | 0.2         |
|    entropy_loss         | -0.214      |
|    explained_variance   | 0.307       |
|    learning_rate        | 0.0003      |
|    loss                 | -0.0283     |
|    n_updates            | 320         |
|    policy_gradient_loss | -0.0222     |
|    value_loss           | 0.00944     |
-----------------------------------------
----------------------------------------
| oracle/                 |            |
|    keep                 | 0.721      |
| rollout/                |            |
|    ep_len_mean          | 52.4       |
|    ep_rew_mean          | -0.152     |
| time/                   |            |
|    fps                  | 14         |
|    iterations           | 34         |
|    time_elapsed         | 4917       |
|    total_timesteps      | 69632      |
| train/                  |            |
|    approx_kl            | 0.06057893 |
|    clip_fraction        | 0.12       |
|    clip_range           | 0.2        |
|    entropy_loss         | -0.211     |
|    explained_variance   | 0.121      |
|    learning_rate        | 0.0003     |
|    loss                 | -0.0112    |
|    n_updates            | 330        |
|    policy_gradient_loss | -0.0156    |
|    value_loss           | 0.0285     |
----------------------------------------
-----------------------------------------
| oracle/                 |             |
|    keep                 | 0.713       |
| rollout/                |             |
|    ep_len_mean          | 51.4        |
|    ep_rew_mean          | -0.154      |
| time/                   |             |
|    fps                  | 14          |
|    iterations           | 35          |
|    time_elapsed         | 4938        |
|    total_timesteps      | 71680       |
| train/                  |             |
|    approx_kl            | 0.059052058 |
|    clip_fraction        | 0.111       |
|    clip_range           | 0.2         |
|    entropy_loss         | -0.205      |
|    explained_variance   | 0.372       |
|    learning_rate        | 0.0003      |
|    loss                 | -0.0156     |
|    n_updates            | 340         |
|    policy_gradient_loss | -0.015      |
|    value_loss           | 0.0152      |
-----------------------------------------
-----------------------------------------
| oracle/                 |             |
|    keep                 | 0.705       |
| rollout/                |             |
|    ep_len_mean          | 49          |
|    ep_rew_mean          | -0.208      |
| time/                   |             |
|    fps                  | 14          |
|    iterations           | 36          |
|    time_elapsed         | 4960        |
|    total_timesteps      | 73728       |
| train/                  |             |
|    approx_kl            | 0.081250116 |
|    clip_fraction        | 0.128       |
|    clip_range           | 0.2         |
|    entropy_loss         | -0.218      |
|    explained_variance   | 0.434       |
|    learning_rate        | 0.0003      |
|    loss                 | -0.0268     |
|    n_updates            | 350         |
|    policy_gradient_loss | -0.0201     |
|    value_loss           | 0.0103      |
-----------------------------------------
-----------------------------------------
| oracle/                 |             |
|    keep                 | 0.697       |
| rollout/                |             |
|    ep_len_mean          | 47.2        |
|    ep_rew_mean          | -0.225      |
| time/                   |             |
|    fps                  | 15          |
|    iterations           | 37          |
|    time_elapsed         | 4983        |
|    total_timesteps      | 75776       |
| train/                  |             |
|    approx_kl            | 0.088444635 |
|    clip_fraction        | 0.113       |
|    clip_range           | 0.2         |
|    entropy_loss         | -0.21       |
|    explained_variance   | 0.397       |
|    learning_rate        | 0.0003      |
|    loss                 | -0.0207     |
|    n_updates            | 360         |
|    policy_gradient_loss | -0.0192     |
|    value_loss           | 0.0102      |
-----------------------------------------
----------------------------------------
| oracle/                 |            |
|    keep                 | 0.689      |
| rollout/                |            |
|    ep_len_mean          | 47.5       |
|    ep_rew_mean          | -0.221     |
| time/                   |            |
|    fps                  | 15         |
|    iterations           | 38         |
|    time_elapsed         | 5006       |
|    total_timesteps      | 77824      |
| train/                  |            |
|    approx_kl            | 0.07755335 |
|    clip_fraction        | 0.12       |
|    clip_range           | 0.2        |
|    entropy_loss         | -0.222     |
|    explained_variance   | 0.46       |
|    learning_rate        | 0.0003     |
|    loss                 | -0.0181    |
|    n_updates            | 370        |
|    policy_gradient_loss | -0.017     |
|    value_loss           | 0.00977    |
----------------------------------------
----------------------------------------
| oracle/                 |            |
|    keep                 | 0.681      |
| rollout/                |            |
|    ep_len_mean          | 48.1       |
|    ep_rew_mean          | -0.245     |
| time/                   |            |
|    fps                  | 15         |
|    iterations           | 39         |
|    time_elapsed         | 5031       |
|    total_timesteps      | 79872      |
| train/                  |            |
|    approx_kl            | 0.07162939 |
|    clip_fraction        | 0.118      |
|    clip_range           | 0.2        |
|    entropy_loss         | -0.228     |
|    explained_variance   | 0.437      |
|    learning_rate        | 0.0003     |
|    loss                 | -0.0158    |
|    n_updates            | 380        |
|    policy_gradient_loss | -0.0145    |
|    value_loss           | 0.00949    |
----------------------------------------
-----------------------------------------
| oracle/                 |             |
|    keep                 | 0.672       |
| rollout/                |             |
|    ep_len_mean          | 48.3        |
|    ep_rew_mean          | -0.243      |
| time/                   |             |
|    fps                  | 16          |
|    iterations           | 40          |
|    time_elapsed         | 5056        |
|    total_timesteps      | 81920       |
| train/                  |             |
|    approx_kl            | 0.060733944 |
|    clip_fraction        | 0.11        |
|    clip_range           | 0.2         |
|    entropy_loss         | -0.207      |
|    explained_variance   | 0.212       |
|    learning_rate        | 0.0003      |
|    loss                 | -0.016      |
|    n_updates            | 390         |
|    policy_gradient_loss | -0.0169     |
|    value_loss           | 0.00922     |
-----------------------------------------
----------------------------------------
| oracle/                 |            |
|    keep                 | 0.664      |
| rollout/                |            |
|    ep_len_mean          | 48.2       |
|    ep_rew_mean          | -0.189     |
| time/                   |            |
|    fps                  | 16         |
|    iterations           | 41         |
|    time_elapsed         | 5081       |
|    total_timesteps      | 83968      |
| train/                  |            |
|    approx_kl            | 0.07158538 |
|    clip_fraction        | 0.121      |
|    clip_range           | 0.2        |
|    entropy_loss         | -0.224     |
|    explained_variance   | 0.315      |
|    learning_rate        | 0.0003     |
|    loss                 | -0.0258    |
|    n_updates            | 400        |
|    policy_gradient_loss | -0.0184    |
|    value_loss           | 0.00872    |
----------------------------------------
----------------------------------------
| oracle/                 |            |
|    keep                 | 0.656      |
| rollout/                |            |
|    ep_len_mean          | 47.9       |
|    ep_rew_mean          | -0.205     |
| time/                   |            |
|    fps                  | 16         |
|    iterations           | 42         |
|    time_elapsed         | 5109       |
|    total_timesteps      | 86016      |
| train/                  |            |
|    approx_kl            | 0.06480406 |
|    clip_fraction        | 0.12       |
|    clip_range           | 0.2        |
|    entropy_loss         | -0.22      |
|    explained_variance   | 0.13       |
|    learning_rate        | 0.0003     |
|    loss                 | -0.0158    |
|    n_updates            | 410        |
|    policy_gradient_loss | -0.0166    |
|    value_loss           | 0.0182     |
----------------------------------------
----------------------------------------
| oracle/                 |            |
|    keep                 | 0.648      |
| rollout/                |            |
|    ep_len_mean          | 47.2       |
|    ep_rew_mean          | -0.252     |
| time/                   |            |
|    fps                  | 17         |
|    iterations           | 43         |
|    time_elapsed         | 5138       |
|    total_timesteps      | 88064      |
| train/                  |            |
|    approx_kl            | 0.06886029 |
|    clip_fraction        | 0.113      |
|    clip_range           | 0.2        |
|    entropy_loss         | -0.222     |
|    explained_variance   | 0.154      |
|    learning_rate        | 0.0003     |
|    loss                 | -0.0236    |
|    n_updates            | 420        |
|    policy_gradient_loss | -0.0174    |
|    value_loss           | 0.0162     |
----------------------------------------
---------------------------------------
| oracle/                 |           |
|    keep                 | 0.64      |
| rollout/                |           |
|    ep_len_mean          | 49.1      |
|    ep_rew_mean          | -0.257    |
| time/                   |           |
|    fps                  | 17        |
|    iterations           | 44        |
|    time_elapsed         | 5162      |
|    total_timesteps      | 90112     |
| train/                  |           |
|    approx_kl            | 0.0651668 |
|    clip_fraction        | 0.118     |
|    clip_range           | 0.2       |
|    entropy_loss         | -0.208    |
|    explained_variance   | 0.123     |
|    learning_rate        | 0.0003    |
|    loss                 | -0.0211   |
|    n_updates            | 430       |
|    policy_gradient_loss | -0.0173   |
|    value_loss           | 0.016     |
---------------------------------------
-----------------------------------------
| oracle/                 |             |
|    keep                 | 0.631       |
| rollout/                |             |
|    ep_len_mean          | 51.1        |
|    ep_rew_mean          | -0.227      |
| time/                   |             |
|    fps                  | 17          |
|    iterations           | 45          |
|    time_elapsed         | 5193        |
|    total_timesteps      | 92160       |
| train/                  |             |
|    approx_kl            | 0.067970574 |
|    clip_fraction        | 0.112       |
|    clip_range           | 0.2         |
|    entropy_loss         | -0.2        |
|    explained_variance   | 0.138       |
|    learning_rate        | 0.0003      |
|    loss                 | -0.0199     |
|    n_updates            | 440         |
|    policy_gradient_loss | -0.0162     |
|    value_loss           | 0.0174      |
-----------------------------------------
-----------------------------------------
| oracle/                 |             |
|    keep                 | 0.623       |
| rollout/                |             |
|    ep_len_mean          | 52          |
|    ep_rew_mean          | -0.229      |
| time/                   |             |
|    fps                  | 18          |
|    iterations           | 46          |
|    time_elapsed         | 5220        |
|    total_timesteps      | 94208       |
| train/                  |             |
|    approx_kl            | 0.059099153 |
|    clip_fraction        | 0.112       |
|    clip_range           | 0.2         |
|    entropy_loss         | -0.216      |
|    explained_variance   | 0.225       |
|    learning_rate        | 0.0003      |
|    loss                 | -0.0133     |
|    n_updates            | 450         |
|    policy_gradient_loss | -0.0136     |
|    value_loss           | 0.0116      |
-----------------------------------------
----------------------------------------
| oracle/                 |            |
|    keep                 | 0.615      |
| rollout/                |            |
|    ep_len_mean          | 47.8       |
|    ep_rew_mean          | -0.259     |
| time/                   |            |
|    fps                  | 18         |
|    iterations           | 47         |
|    time_elapsed         | 5246       |
|    total_timesteps      | 96256      |
| train/                  |            |
|    approx_kl            | 0.06278169 |
|    clip_fraction        | 0.108      |
|    clip_range           | 0.2        |
|    entropy_loss         | -0.204     |
|    explained_variance   | 0.0291     |
|    learning_rate        | 0.0003     |
|    loss                 | -0.0225    |
|    n_updates            | 460        |
|    policy_gradient_loss | -0.0166    |
|    value_loss           | 0.0121     |
----------------------------------------
----------------------------------------
| oracle/                 |            |
|    keep                 | 0.607      |
| rollout/                |            |
|    ep_len_mean          | 47         |
|    ep_rew_mean          | -0.251     |
| time/                   |            |
|    fps                  | 18         |
|    iterations           | 48         |
|    time_elapsed         | 5273       |
|    total_timesteps      | 98304      |
| train/                  |            |
|    approx_kl            | 0.08560418 |
|    clip_fraction        | 0.116      |
|    clip_range           | 0.2        |
|    entropy_loss         | -0.188     |
|    explained_variance   | 0.352      |
|    learning_rate        | 0.0003     |
|    loss                 | -0.0122    |
|    n_updates            | 470        |
|    policy_gradient_loss | -0.0183    |
|    value_loss           | 0.00788    |
----------------------------------------
----------------------------------------
| oracle/                 |            |
|    keep                 | 0.599      |
| rollout/                |            |
|    ep_len_mean          | 47.8       |
|    ep_rew_mean          | -0.256     |
| time/                   |            |
|    fps                  | 18         |
|    iterations           | 49         |
|    time_elapsed         | 5301       |
|    total_timesteps      | 100352     |
| train/                  |            |
|    approx_kl            | 0.09544888 |
|    clip_fraction        | 0.123      |
|    clip_range           | 0.2        |
|    entropy_loss         | -0.204     |
|    explained_variance   | 0.428      |
|    learning_rate        | 0.0003     |
|    loss                 | -0.0263    |
|    n_updates            | 480        |
|    policy_gradient_loss | -0.0206    |
|    value_loss           | 0.00738    |
----------------------------------------
----------------------------------------
| oracle/                 |            |
|    keep                 | 0.59       |
| rollout/                |            |
|    ep_len_mean          | 50.9       |
|    ep_rew_mean          | -0.232     |
| time/                   |            |
|    fps                  | 19         |
|    iterations           | 50         |
|    time_elapsed         | 5333       |
|    total_timesteps      | 102400     |
| train/                  |            |
|    approx_kl            | 0.07434028 |
|    clip_fraction        | 0.111      |
|    clip_range           | 0.2        |
|    entropy_loss         | -0.167     |
|    explained_variance   | 0.315      |
|    learning_rate        | 0.0003     |
|    loss                 | -0.0212    |
|    n_updates            | 490        |
|    policy_gradient_loss | -0.016     |
|    value_loss           | 0.0117     |
----------------------------------------
----------------------------------------
| oracle/                 |            |
|    keep                 | 0.582      |
| rollout/                |            |
|    ep_len_mean          | 52         |
|    ep_rew_mean          | -0.199     |
| time/                   |            |
|    fps                  | 19         |
|    iterations           | 51         |
|    time_elapsed         | 5367       |
|    total_timesteps      | 104448     |
| train/                  |            |
|    approx_kl            | 0.09018543 |
|    clip_fraction        | 0.115      |
|    clip_range           | 0.2        |
|    entropy_loss         | -0.184     |
|    explained_variance   | 0.414      |
|    learning_rate        | 0.0003     |
|    loss                 | -0.0146    |
|    n_updates            | 500        |
|    policy_gradient_loss | -0.0166    |
|    value_loss           | 0.0132     |
----------------------------------------
-----------------------------------------
| oracle/                 |             |
|    keep                 | 0.574       |
| rollout/                |             |
|    ep_len_mean          | 51.4        |
|    ep_rew_mean          | -0.245      |
| time/                   |             |
|    fps                  | 19          |
|    iterations           | 52          |
|    time_elapsed         | 5396        |
|    total_timesteps      | 106496      |
| train/                  |             |
|    approx_kl            | 0.078780726 |
|    clip_fraction        | 0.116       |
|    clip_range           | 0.2         |
|    entropy_loss         | -0.201      |
|    explained_variance   | 0.536       |
|    learning_rate        | 0.0003      |
|    loss                 | -0.019      |
|    n_updates            | 510         |
|    policy_gradient_loss | -0.0191     |
|    value_loss           | 0.00975     |
-----------------------------------------
----------------------------------------
| oracle/                 |            |
|    keep                 | 0.566      |
| rollout/                |            |
|    ep_len_mean          | 51.2       |
|    ep_rew_mean          | -0.26      |
| time/                   |            |
|    fps                  | 19         |
|    iterations           | 53         |
|    time_elapsed         | 5429       |
|    total_timesteps      | 108544     |
| train/                  |            |
|    approx_kl            | 0.08754909 |
|    clip_fraction        | 0.125      |
|    clip_range           | 0.2        |
|    entropy_loss         | -0.203     |
|    explained_variance   | 0.321      |
|    learning_rate        | 0.0003     |
|    loss                 | -0.0228    |
|    n_updates            | 520        |
|    policy_gradient_loss | -0.0231    |
|    value_loss           | 0.0132     |
----------------------------------------
-----------------------------------------
| oracle/                 |             |
|    keep                 | 0.558       |
| rollout/                |             |
|    ep_len_mean          | 51          |
|    ep_rew_mean          | -0.243      |
| time/                   |             |
|    fps                  | 20          |
|    iterations           | 54          |
|    time_elapsed         | 5463        |
|    total_timesteps      | 110592      |
| train/                  |             |
|    approx_kl            | 0.090816215 |
|    clip_fraction        | 0.118       |
|    clip_range           | 0.2         |
|    entropy_loss         | -0.187      |
|    explained_variance   | 0.429       |
|    learning_rate        | 0.0003      |
|    loss                 | -0.0184     |
|    n_updates            | 530         |
|    policy_gradient_loss | -0.0181     |
|    value_loss           | 0.00983     |
-----------------------------------------
-----------------------------------------
| oracle/                 |             |
|    keep                 | 0.549       |
| rollout/                |             |
|    ep_len_mean          | 49.9        |
|    ep_rew_mean          | -0.242      |
| time/                   |             |
|    fps                  | 20          |
|    iterations           | 55          |
|    time_elapsed         | 5504        |
|    total_timesteps      | 112640      |
| train/                  |             |
|    approx_kl            | 0.065554634 |
|    clip_fraction        | 0.108       |
|    clip_range           | 0.2         |
|    entropy_loss         | -0.194      |
|    explained_variance   | 0.24        |
|    learning_rate        | 0.0003      |
|    loss                 | -0.0227     |
|    n_updates            | 540         |
|    policy_gradient_loss | -0.0154     |
|    value_loss           | 0.0145      |
-----------------------------------------
-----------------------------------------
| oracle/                 |             |
|    keep                 | 0.541       |
| rollout/                |             |
|    ep_len_mean          | 49.8        |
|    ep_rew_mean          | -0.263      |
| time/                   |             |
|    fps                  | 20          |
|    iterations           | 56          |
|    time_elapsed         | 5545        |
|    total_timesteps      | 114688      |
| train/                  |             |
|    approx_kl            | 0.083843604 |
|    clip_fraction        | 0.116       |
|    clip_range           | 0.2         |
|    entropy_loss         | -0.2        |
|    explained_variance   | 0.255       |
|    learning_rate        | 0.0003      |
|    loss                 | -0.025      |
|    n_updates            | 550         |
|    policy_gradient_loss | -0.0196     |
|    value_loss           | 0.0102      |
-----------------------------------------
----------------------------------------
| oracle/                 |            |
|    keep                 | 0.533      |
| rollout/                |            |
|    ep_len_mean          | 49.1       |
|    ep_rew_mean          | -0.28      |
| time/                   |            |
|    fps                  | 20         |
|    iterations           | 57         |
|    time_elapsed         | 5582       |
|    total_timesteps      | 116736     |
| train/                  |            |
|    approx_kl            | 0.07740648 |
|    clip_fraction        | 0.116      |
|    clip_range           | 0.2        |
|    entropy_loss         | -0.2       |
|    explained_variance   | 0.412      |
|    learning_rate        | 0.0003     |
|    loss                 | -0.0247    |
|    n_updates            | 560        |
|    policy_gradient_loss | -0.0185    |
|    value_loss           | 0.0122     |
----------------------------------------
----------------------------------------
| oracle/                 |            |
|    keep                 | 0.525      |
| rollout/                |            |
|    ep_len_mean          | 49.1       |
|    ep_rew_mean          | -0.24      |
| time/                   |            |
|    fps                  | 21         |
|    iterations           | 58         |
|    time_elapsed         | 5618       |
|    total_timesteps      | 118784     |
| train/                  |            |
|    approx_kl            | 0.07638833 |
|    clip_fraction        | 0.115      |
|    clip_range           | 0.2        |
|    entropy_loss         | -0.202     |
|    explained_variance   | 0.467      |
|    learning_rate        | 0.0003     |
|    loss                 | -0.0342    |
|    n_updates            | 570        |
|    policy_gradient_loss | -0.0215    |
|    value_loss           | 0.00819    |
----------------------------------------
-----------------------------------------
| oracle/                 |             |
|    keep                 | 0.517       |
| rollout/                |             |
|    ep_len_mean          | 51.7        |
|    ep_rew_mean          | -0.22       |
| time/                   |             |
|    fps                  | 21          |
|    iterations           | 59          |
|    time_elapsed         | 5655        |
|    total_timesteps      | 120832      |
| train/                  |             |
|    approx_kl            | 0.082727075 |
|    clip_fraction        | 0.118       |
|    clip_range           | 0.2         |
|    entropy_loss         | -0.202      |
|    explained_variance   | 0.267       |
|    learning_rate        | 0.0003      |
|    loss                 | -0.0162     |
|    n_updates            | 580         |
|    policy_gradient_loss | -0.0157     |
|    value_loss           | 0.0122      |
-----------------------------------------
----------------------------------------
| oracle/                 |            |
|    keep                 | 0.508      |
| rollout/                |            |
|    ep_len_mean          | 50.8       |
|    ep_rew_mean          | -0.187     |
| time/                   |            |
|    fps                  | 21         |
|    iterations           | 60         |
|    time_elapsed         | 5693       |
|    total_timesteps      | 122880     |
| train/                  |            |
|    approx_kl            | 0.06601602 |
|    clip_fraction        | 0.123      |
|    clip_range           | 0.2        |
|    entropy_loss         | -0.215     |
|    explained_variance   | -0.106     |
|    learning_rate        | 0.0003     |
|    loss                 | -0.0164    |
|    n_updates            | 590        |
|    policy_gradient_loss | -0.0145    |
|    value_loss           | 0.0173     |
----------------------------------------
-----------------------------------------
| oracle/                 |             |
|    keep                 | 0.5         |
| rollout/                |             |
|    ep_len_mean          | 51.9        |
|    ep_rew_mean          | -0.226      |
| time/                   |             |
|    fps                  | 21          |
|    iterations           | 61          |
|    time_elapsed         | 5735        |
|    total_timesteps      | 124928      |
| train/                  |             |
|    approx_kl            | 0.057541326 |
|    clip_fraction        | 0.115       |
|    clip_range           | 0.2         |
|    entropy_loss         | -0.222      |
|    explained_variance   | 0.272       |
|    learning_rate        | 0.0003      |
|    loss                 | -0.0201     |
|    n_updates            | 600         |
|    policy_gradient_loss | -0.0174     |
|    value_loss           | 0.0107      |
-----------------------------------------
----------------------------------------
| oracle/                 |            |
|    keep                 | 0.492      |
| rollout/                |            |
|    ep_len_mean          | 52.8       |
|    ep_rew_mean          | -0.197     |
| time/                   |            |
|    fps                  | 21         |
|    iterations           | 62         |
|    time_elapsed         | 5778       |
|    total_timesteps      | 126976     |
| train/                  |            |
|    approx_kl            | 0.07116952 |
|    clip_fraction        | 0.111      |
|    clip_range           | 0.2        |
|    entropy_loss         | -0.202     |
|    explained_variance   | -0.343     |
|    learning_rate        | 0.0003     |
|    loss                 | -0.0229    |
|    n_updates            | 610        |
|    policy_gradient_loss | -0.0174    |
|    value_loss           | 0.0127     |
----------------------------------------
-----------------------------------------
| oracle/                 |             |
|    keep                 | 0.484       |
| rollout/                |             |
|    ep_len_mean          | 51.2        |
|    ep_rew_mean          | -0.178      |
| time/                   |             |
|    fps                  | 22          |
|    iterations           | 63          |
|    time_elapsed         | 5826        |
|    total_timesteps      | 129024      |
| train/                  |             |
|    approx_kl            | 0.066390395 |
|    clip_fraction        | 0.117       |
|    clip_range           | 0.2         |
|    entropy_loss         | -0.197      |
|    explained_variance   | -0.152      |
|    learning_rate        | 0.0003      |
|    loss                 | -0.025      |
|    n_updates            | 620         |
|    policy_gradient_loss | -0.0156     |
|    value_loss           | 0.0187      |
-----------------------------------------
-----------------------------------------
| oracle/                 |             |
|    keep                 | 0.476       |
| rollout/                |             |
|    ep_len_mean          | 50.2        |
|    ep_rew_mean          | -0.195      |
| time/                   |             |
|    fps                  | 22          |
|    iterations           | 64          |
|    time_elapsed         | 5862        |
|    total_timesteps      | 131072      |
| train/                  |             |
|    approx_kl            | 0.067530535 |
|    clip_fraction        | 0.124       |
|    clip_range           | 0.2         |
|    entropy_loss         | -0.2        |
|    explained_variance   | 0.0822      |
|    learning_rate        | 0.0003      |
|    loss                 | -0.0266     |
|    n_updates            | 630         |
|    policy_gradient_loss | -0.0194     |
|    value_loss           | 0.0106      |
-----------------------------------------
----------------------------------------
| oracle/                 |            |
|    keep                 | 0.468      |
| rollout/                |            |
|    ep_len_mean          | 52.5       |
|    ep_rew_mean          | -0.27      |
| time/                   |            |
|    fps                  | 22         |
|    iterations           | 65         |
|    time_elapsed         | 5901       |
|    total_timesteps      | 133120     |
| train/                  |            |
|    approx_kl            | 0.06481097 |
|    clip_fraction        | 0.123      |
|    clip_range           | 0.2        |
|    entropy_loss         | -0.217     |
|    explained_variance   | 0.425      |
|    learning_rate        | 0.0003     |
|    loss                 | -0.0234    |
|    n_updates            | 640        |
|    policy_gradient_loss | -0.0185    |
|    value_loss           | 0.0115     |
----------------------------------------
-----------------------------------------
| oracle/                 |             |
|    keep                 | 0.459       |
| rollout/                |             |
|    ep_len_mean          | 51.5        |
|    ep_rew_mean          | -0.267      |
| time/                   |             |
|    fps                  | 22          |
|    iterations           | 66          |
|    time_elapsed         | 5945        |
|    total_timesteps      | 135168      |
| train/                  |             |
|    approx_kl            | 0.057060845 |
|    clip_fraction        | 0.107       |
|    clip_range           | 0.2         |
|    entropy_loss         | -0.205      |
|    explained_variance   | -0.0462     |
|    learning_rate        | 0.0003      |
|    loss                 | -0.0226     |
|    n_updates            | 650         |
|    policy_gradient_loss | -0.0195     |
|    value_loss           | 0.012       |
-----------------------------------------
----------------------------------------
| oracle/                 |            |
|    keep                 | 0.451      |
| rollout/                |            |
|    ep_len_mean          | 49.6       |
|    ep_rew_mean          | -0.256     |
| time/                   |            |
|    fps                  | 22         |
|    iterations           | 67         |
|    time_elapsed         | 5988       |
|    total_timesteps      | 137216     |
| train/                  |            |
|    approx_kl            | 0.06886469 |
|    clip_fraction        | 0.111      |
|    clip_range           | 0.2        |
|    entropy_loss         | -0.188     |
|    explained_variance   | -0.0825    |
|    learning_rate        | 0.0003     |
|    loss                 | -0.0226    |
|    n_updates            | 660        |
|    policy_gradient_loss | -0.0159    |
|    value_loss           | 0.0139     |
----------------------------------------
----------------------------------------
| oracle/                 |            |
|    keep                 | 0.443      |
| rollout/                |            |
|    ep_len_mean          | 48.5       |
|    ep_rew_mean          | -0.275     |
| time/                   |            |
|    fps                  | 23         |
|    iterations           | 68         |
|    time_elapsed         | 6026       |
|    total_timesteps      | 139264     |
| train/                  |            |
|    approx_kl            | 0.07684957 |
|    clip_fraction        | 0.115      |
|    clip_range           | 0.2        |
|    entropy_loss         | -0.194     |
|    explained_variance   | -0.104     |
|    learning_rate        | 0.0003     |
|    loss                 | -0.0191    |
|    n_updates            | 670        |
|    policy_gradient_loss | -0.019     |
|    value_loss           | 0.0136     |
----------------------------------------
----------------------------------------
| oracle/                 |            |
|    keep                 | 0.435      |
| rollout/                |            |
|    ep_len_mean          | 50.5       |
|    ep_rew_mean          | -0.285     |
| time/                   |            |
|    fps                  | 23         |
|    iterations           | 69         |
|    time_elapsed         | 6058       |
|    total_timesteps      | 141312     |
| train/                  |            |
|    approx_kl            | 0.06365289 |
|    clip_fraction        | 0.126      |
|    clip_range           | 0.2        |
|    entropy_loss         | -0.228     |
|    explained_variance   | 0.257      |
|    learning_rate        | 0.0003     |
|    loss                 | -0.0203    |
|    n_updates            | 680        |
|    policy_gradient_loss | -0.0143    |
|    value_loss           | 0.0152     |
----------------------------------------
----------------------------------------
| oracle/                 |            |
|    keep                 | 0.427      |
| rollout/                |            |
|    ep_len_mean          | 50.3       |
|    ep_rew_mean          | -0.283     |
| time/                   |            |
|    fps                  | 23         |
|    iterations           | 70         |
|    time_elapsed         | 6091       |
|    total_timesteps      | 143360     |
| train/                  |            |
|    approx_kl            | 0.06278882 |
|    clip_fraction        | 0.122      |
|    clip_range           | 0.2        |
|    entropy_loss         | -0.224     |
|    explained_variance   | 0.463      |
|    learning_rate        | 0.0003     |
|    loss                 | -0.0335    |
|    n_updates            | 690        |
|    policy_gradient_loss | -0.0252    |
|    value_loss           | 0.00594    |
----------------------------------------
----------------------------------------
| oracle/                 |            |
|    keep                 | 0.418      |
| rollout/                |            |
|    ep_len_mean          | 46.8       |
|    ep_rew_mean          | -0.242     |
| time/                   |            |
|    fps                  | 23         |
|    iterations           | 71         |
|    time_elapsed         | 6132       |
|    total_timesteps      | 145408     |
| train/                  |            |
|    approx_kl            | 0.06759685 |
|    clip_fraction        | 0.123      |
|    clip_range           | 0.2        |
|    entropy_loss         | -0.24      |
|    explained_variance   | 0.304      |
|    learning_rate        | 0.0003     |
|    loss                 | -0.0224    |
|    n_updates            | 700        |
|    policy_gradient_loss | -0.0189    |
|    value_loss           | 0.011      |
----------------------------------------
/Users/shenzeqi/.pyenv/versions/3.11.14/lib/python3.11/multiprocessing/resource_tracker.py:254: UserWarning: resource_tracker: There appear to be 1 leaked semaphore objects to clean up at shutdown
  warnings.warn('resource_tracker: There appear to be %d '
