batch 0 round 1: OK (45 动作, auto_pass 119)
  [warn] round_ended 无 hu 事件,补试 HU 通过
batch 0 round 2: OK (20 动作, auto_pass 63)
  [warn] round_ended 无 hu 事件,补试 HU 通过
batch 0 round 3: OK (37 动作, auto_pass 116)
  [warn] round_ended 无 hu 事件,补试 HU 通过
batch 0 round 4: OK (41 动作, auto_pass 109)
  [warn] round_ended 无 hu 事件,补试 HU 通过
batch 0 round 5: OK (21 动作, auto_pass 57)
  [warn] round_ended 无 hu 事件,补试 HU 通过
batch 0 round 6: OK (22 动作, auto_pass 70)
  [warn] round_ended 无 hu 事件,补试 HU 通过
batch 1 round 1: OK (30 动作, auto_pass 86)
  [warn] round_ended 无 hu 事件,补试 HU 通过
batch 1 round 2: OK (17 动作, auto_pass 54)
  [warn] round_ended 无 hu 事件,补试 HU 通过
batch 1 round 3: OK (16 动作, auto_pass 47)
  [warn] round_ended 无 hu 事件,补试 HU 通过
batch 1 round 4: OK (42 动作, auto_pass 125)
  [warn] round_ended 无 hu 事件,补试 HU 通过
batch 1 round 5: OK (48 动作, auto_pass 157)
  [warn] round_ended 无 hu 事件,补试 HU 通过
batch 1 round 6: OK (35 动作, auto_pass 95)
  [warn] round_ended 无 hu 事件,补试 HU 通过
batch 2 round 1: OK (25 动作, auto_pass 82)
  [warn] round_ended 无 hu 事件,补试 HU 通过
batch 2 round 2: OK (64 动作, auto_pass 170)
  [warn] round_ended 无 hu 事件,补试 HU 通过
batch 2 round 3: OK (32 动作, auto_pass 95)
  [warn] round_ended 无 hu 事件,补试 HU 通过
batch 2 round 4: OK (35 动作, auto_pass 110)
  [warn] round_ended 无 hu 事件,补试 HU 通过
batch 2 round 5: OK (30 动作, auto_pass 88)
  [warn] round_ended 无 hu 事件,补试 HU 通过
batch 2 round None: 2 ILLEGAL (25 动作, auto_pass 74)
  [seq 939] 出牌时机不符: seat=2 引擎 turn=0 phase=discard
  [seq 941] peng 时机不符: seat=0 引擎 turn=0 phase=discard
batch 3 round 1: OK (39 动作, auto_pass 107)
  [warn] round_ended 无 hu 事件,补试 HU 通过
batch 3 round 2: OK (19 动作, auto_pass 54)
  [warn] round_ended 无 hu 事件,补试 HU 通过
batch 3 round 3: OK (52 动作, auto_pass 149)
  [warn] round_ended 无 hu 事件,补试 HU 通过
batch 3 round 4: OK (57 动作, auto_pass 153)
  [warn] round_ended 无 hu 事件,补试 HU 通过
batch 3 round 5: OK (19 动作, auto_pass 48)
  [warn] round_ended 无 hu 事件,补试 HU 通过
batch 4 round 1: OK (30 动作, auto_pass 102)
  [warn] round_ended 无 hu 事件,补试 HU 通过
batch 4 round 2: OK (29 动作, auto_pass 91)
  [warn] round_ended 无 hu 事件,补试 HU 通过
batch 4 round 3: OK (45 动作, auto_pass 148)
  [warn] round_ended 无 hu 事件,补试 HU 通过
batch 4 round 4: OK (20 动作, auto_pass 64)
  [warn] round_ended 无 hu 事件,补试 HU 通过
batch 4 round 5: OK (33 动作, auto_pass 100)
  [warn] round_ended 无 hu 事件,补试 HU 通过
batch 4 round 6: OK (38 动作, auto_pass 102)
  [warn] round_ended 无 hu 事件,补试 HU 通过
batch 5 round 1: OK (51 动作, auto_pass 150)
  [warn] round_ended 无 hu 事件,补试 HU 通过
batch 5 round 2: OK (25 动作, auto_pass 79)
  [warn] round_ended 无 hu 事件,补试 HU 通过
batch 5 round 3: OK (31 动作, auto_pass 84)
  [warn] round_ended 无 hu 事件,补试 HU 通过
batch 5 round 4: OK (36 动作, auto_pass 104)
  [warn] round_ended 无 hu 事件,补试 HU 通过
batch 5 round 5: OK (36 动作, auto_pass 121)
  [warn] round_ended 无 hu 事件,补试 HU 通过
batch 5 round None: 36 ILLEGAL (11 动作, auto_pass 33)
  [seq 957] 出牌时机不符: seat=3 引擎 turn=0 phase=discard
  [seq 958] peng 时机不符: seat=2 引擎 turn=0 phase=discard
  [seq 959] 出牌时机不符: seat=2 引擎 turn=0 phase=discard
  [seq 964] 摸牌不符: 事件 seat=3 13,引擎 turn=0 drawn=None
  [seq 965] 出牌时机不符: seat=3 引擎 turn=0 phase=discard
  [seq 970] 摸牌不符: 事件 seat=0 12,引擎 turn=0 drawn=28
  [seq 976] 摸牌不符: 事件 seat=1 2,引擎 turn=1 drawn=13
  [seq 982] 摸牌不符: 事件 seat=2 25,引擎 turn=2 drawn=12
  [seq 988] 摸牌不符: 事件 seat=3 7,引擎 turn=3 drawn=2
  [seq 996] 摸牌不符: 事件 seat=3 24,引擎 turn=3 drawn=25
  [seq 1002] 摸牌不符: 事件 seat=0 13,引擎 turn=0 drawn=7
  [seq 1008] 摸牌不符: 事件 seat=1 5,引擎 turn=1 drawn=24
  [seq 1014] 摸牌不符: 事件 seat=2 32,引擎 turn=2 drawn=13
  [seq 1015] 非法弃牌 发: 合法集 [0, 12, 13, 18, 20, 22, 26, 27]
  [seq 1020] 摸牌不符: 事件 seat=3 1,引擎 turn=2 drawn=None
  [seq 1021] 出牌时机不符: seat=3 引擎 turn=2 phase=discard
  [seq 1026] 摸牌不符: 事件 seat=0 31,引擎 turn=2 drawn=None
  [seq 1027] 出牌时机不符: seat=0 引擎 turn=2 phase=discard
  [seq 1032] 摸牌不符: 事件 seat=1 20,引擎 turn=2 drawn=None
  [seq 1033] 出牌时机不符: seat=1 引擎 turn=2 phase=discard
  [seq 1038] 摸牌不符: 事件 seat=2 25,引擎 turn=2 drawn=13
  [seq 1040] 非法 peng: -5 不在 [-1]
  [seq 1041] 非法弃牌 7t: 合法集 [2, 5, 6, 8, 11, 13, 14, 16, 17, 19, 25, 27, 28, 33]
  [seq 1046] 摸牌不符: 事件 seat=0 14,引擎 turn=3 drawn=None
  [seq 1047] 出牌时机不符: seat=0 引擎 turn=3 phase=discard
  [seq 1052] 摸牌不符: 事件 seat=1 21,引擎 turn=3 drawn=None
  [seq 1053] 出牌时机不符: seat=1 引擎 turn=3 phase=discard
  [seq 1058] 摸牌不符: 事件 seat=2 0,引擎 turn=3 drawn=None
  [seq 1059] 出牌时机不符: seat=2 引擎 turn=3 phase=discard
  [seq 1064] 摸牌不符: 事件 seat=3 4,引擎 turn=3 drawn=5
  [seq 1070] 摸牌不符: 事件 seat=0 28,引擎 turn=0 drawn=32
  [seq 1071] 非法弃牌 南: 合法集 [4, 5, 6, 7, 18, 23, 24, 25, 32, 33]
  [seq 1076] 摸牌不符: 事件 seat=1 1,引擎 turn=0 drawn=None
  [seq 1077] 出牌时机不符: seat=1 引擎 turn=0 phase=discard
  [seq 1082] 摸牌不符: 事件 seat=2 15,引擎 turn=0 drawn=None
  [seq 1083] 出牌时机不符: seat=2 引擎 turn=0 phase=discard
batch 6 round 1: OK (24 动作, auto_pass 80)
  [warn] round_ended 无 hu 事件,补试 HU 通过
batch 6 round 2: OK (29 动作, auto_pass 88)
  [warn] round_ended 无 hu 事件,补试 HU 通过
batch 6 round 3: OK (38 动作, auto_pass 110)
  [warn] round_ended 无 hu 事件,补试 HU 通过
batch 6 round 4: OK (31 动作, auto_pass 94)
  [warn] round_ended 无 hu 事件,补试 HU 通过
batch 6 round 5: OK (37 动作, auto_pass 103)
  [warn] round_ended 无 hu 事件,补试 HU 通过
batch 6 round 6: OK (23 动作, auto_pass 64)
  [warn] round_ended 无 hu 事件,补试 HU 通过
batch 7 round 1: OK (28 动作, auto_pass 84)
  [warn] round_ended 无 hu 事件,补试 HU 通过
batch 7 round 2: OK (25 动作, auto_pass 74)
  [warn] round_ended 无 hu 事件,补试 HU 通过
batch 7 round 3: OK (58 动作, auto_pass 178)
  [warn] round_ended 无 hu 事件,补试 HU 通过
batch 7 round 4: OK (49 动作, auto_pass 148)
  [warn] round_ended 无 hu 事件,补试 HU 通过
batch 7 round None: 39 ILLEGAL (6 动作, auto_pass 21)
  [seq 836] 出牌时机不符: seat=1 引擎 turn=0 phase=discard
  [seq 841] 摸牌不符: 事件 seat=2 27,引擎 turn=0 drawn=None
  [seq 842] 出牌时机不符: seat=2 引擎 turn=0 phase=discard
  [seq 847] 摸牌不符: 事件 seat=3 33,引擎 turn=0 drawn=None
  [seq 848] 出牌时机不符: seat=3 引擎 turn=0 phase=discard
  [seq 849] peng 时机不符: seat=1 引擎 turn=0 phase=discard
  [seq 850] 出牌时机不符: seat=1 引擎 turn=0 phase=discard
  [seq 855] 摸牌不符: 事件 seat=2 33,引擎 turn=0 drawn=None
  [seq 856] 出牌时机不符: seat=2 引擎 turn=0 phase=discard
  [seq 861] 摸牌不符: 事件 seat=3 26,引擎 turn=0 drawn=None
  [seq 862] 出牌时机不符: seat=3 引擎 turn=0 phase=discard
  [seq 867] 摸牌不符: 事件 seat=0 4,引擎 turn=0 drawn=0
  [seq 873] 摸牌不符: 事件 seat=1 4,引擎 turn=1 drawn=27
  [seq 876] 非法 peng: -5 不在 [-1]
  [seq 877] 出牌时机不符: seat=3 引擎 turn=2 phase=discard
  [seq 882] 摸牌不符: 事件 seat=0 20,引擎 turn=2 drawn=None
  [seq 883] 出牌时机不符: seat=0 引擎 turn=2 phase=discard
  [seq 888] 摸牌不符: 事件 seat=1 10,引擎 turn=2 drawn=None
  [seq 889] 出牌时机不符: seat=1 引擎 turn=2 phase=discard
  [seq 894] 摸牌不符: 事件 seat=2 6,引擎 turn=2 drawn=33
  [seq 900] 摸牌不符: 事件 seat=3 24,引擎 turn=3 drawn=33
  [seq 906] 摸牌不符: 事件 seat=0 30,引擎 turn=0 drawn=26
  [seq 907] 非法弃牌 北: 合法集 [5, 7, 9, 11, 14, 15, 24, 26, 27, 28, 32]
  [seq 912] 摸牌不符: 事件 seat=1 13,引擎 turn=0 drawn=None
  [seq 913] 出牌时机不符: seat=1 引擎 turn=0 phase=discard
  [seq 918] 摸牌不符: 事件 seat=2 22,引擎 turn=0 drawn=None
  [seq 919] 出牌时机不符: seat=2 引擎 turn=0 phase=discard
  [seq 924] 摸牌不符: 事件 seat=3 0,引擎 turn=0 drawn=None
  [seq 925] 出牌时机不符: seat=3 引擎 turn=0 phase=discard
  [seq 930] 摸牌不符: 事件 seat=0 29,引擎 turn=0 drawn=26
  [seq 936] 摸牌不符: 事件 seat=1 29,引擎 turn=1 drawn=4
  [seq 943] 摸牌不符: 事件 seat=2 10,引擎 turn=2 drawn=4
  [seq 944] 非法弃牌 2b: 合法集 [0, 1, 3, 4, 11, 13, 20, 25, 26, 27, 33]
  [seq 949] 摸牌不符: 事件 seat=3 16,引擎 turn=2 drawn=None
  [seq 950] 出牌时机不符: seat=3 引擎 turn=2 phase=discard
  [seq 954] chi 时机不符: seat=0 引擎 turn=2 phase=discard
  [seq 955] 出牌时机不符: seat=0 引擎 turn=2 phase=discard
  [seq 960] 摸牌不符: 事件 seat=1 11,引擎 turn=2 drawn=None
  [seq 961] 出牌时机不符: seat=1 引擎 turn=2 phase=discard
batch 8 round 1: OK (27 动作, auto_pass 84)
  [warn] round_ended 无 hu 事件,补试 HU 通过
batch 8 round 2: OK (24 动作, auto_pass 57)
  [warn] round_ended 无 hu 事件,补试 HU 通过
batch 8 round 3: OK (37 动作, auto_pass 91)
  [warn] round_ended 无 hu 事件,补试 HU 通过
batch 8 round 4: OK (48 动作, auto_pass 140)
  [warn] round_ended 无 hu 事件,补试 HU 通过
batch 8 round 5: OK (45 动作, auto_pass 129)
  [warn] round_ended 无 hu 事件,补试 HU 通过
batch 8 round 6: OK (25 动作, auto_pass 77)
  [warn] round_ended 无 hu 事件,补试 HU 通过
batch 9 round 1: OK (65 动作, auto_pass 193)
  [warn] round_ended 无 hu 事件,补试 HU 通过
batch 9 round 2: OK (65 动作, auto_pass 183)
  [warn] round_ended 无 hu 事件,补试 HU 通过
batch 9 round 3: OK (40 动作, auto_pass 117)
  [warn] round_ended 无 hu 事件,补试 HU 通过
batch 9 round None: 29 ILLEGAL (15 动作, auto_pass 40)
  [seq 885] 出牌时机不符: seat=0 引擎 turn=2 phase=discard
  [seq 890] 摸牌不符: 事件 seat=1 24,引擎 turn=2 drawn=None
  [seq 891] 出牌时机不符: seat=1 引擎 turn=2 phase=discard
  [seq 896] 摸牌不符: 事件 seat=2 18,引擎 turn=2 drawn=26
  [seq 908] 摸牌不符: 事件 seat=0 31,引擎 turn=0 drawn=18
  [seq 914] 摸牌不符: 事件 seat=1 7,引擎 turn=1 drawn=24
  [seq 920] 摸牌不符: 事件 seat=2 29,引擎 turn=2 drawn=31
  [seq 926] 摸牌不符: 事件 seat=3 21,引擎 turn=3 drawn=7
  [seq 932] 摸牌不符: 事件 seat=0 8,引擎 turn=0 drawn=29
  [seq 938] 摸牌不符: 事件 seat=1 9,引擎 turn=1 drawn=21
  [seq 944] 摸牌不符: 事件 seat=2 17,引擎 turn=2 drawn=8
  [seq 945] 非法弃牌 西: 合法集 [4, 6, 8, 10, 15, 17, 20, 21, 22, 23, 28, 31]
  [seq 950] 摸牌不符: 事件 seat=3 8,引擎 turn=2 drawn=None
  [seq 951] 出牌时机不符: seat=3 引擎 turn=2 phase=discard
  [seq 956] 摸牌不符: 事件 seat=0 21,引擎 turn=2 drawn=None
  [seq 957] 出牌时机不符: seat=0 引擎 turn=2 phase=discard
  [seq 961] chi 时机不符: seat=1 引擎 turn=2 phase=discard
  [seq 962] 出牌时机不符: seat=1 引擎 turn=2 phase=discard
  [seq 967] 摸牌不符: 事件 seat=2 15,引擎 turn=2 drawn=8
  [seq 973] 摸牌不符: 事件 seat=3 7,引擎 turn=3 drawn=9
  [seq 979] 摸牌不符: 事件 seat=0 20,引擎 turn=0 drawn=17
  [seq 992] 摸牌不符: 事件 seat=0 0,引擎 turn=0 drawn=8
  [seq 993] 非法弃牌 1w: 合法集 [1, 3, 6, 8, 10, 11, 12, 17, 18, 19, 23, 25, 29]
  [seq 998] 摸牌不符: 事件 seat=1 5,引擎 turn=0 drawn=None
  [seq 999] 出牌时机不符: seat=1 引擎 turn=0 phase=discard
  [seq 1004] 摸牌不符: 事件 seat=2 30,引擎 turn=0 drawn=None
  [seq 1005] 出牌时机不符: seat=2 引擎 turn=0 phase=discard
  [seq 1009] chi 时机不符: seat=3 引擎 turn=0 phase=discard
  [seq 1010] 出牌时机不符: seat=3 引擎 turn=0 phase=discard
合计: 1895 动作, 106 非法
报告已写入 openspec/changes/shape-v2-platform-material-context/replay_canary2.json
